[0m10:32:44.180932 [debug] [MainThread]: Sending event: {'category': 'dbt', 'action': 'invocation', 'label': 'start', 'context': [<snowplow_tracker.self_describing_json.SelfDescribingJson object at 0x000001F82A2C20D0>, <snowplow_tracker.self_describing_json.SelfDescribingJson object at 0x000001F82B30F610>, <snowplow_tracker.self_describing_json.SelfDescribingJson object at 0x000001F82B30F010>]}


============================== 10:32:44.182942 | e345a092-261f-41e1-aa8e-8886e0105eea ==============================
[0m10:32:44.182942 [info ] [MainThread]: Running with dbt=1.11.7
[0m10:32:44.182942 [debug] [MainThread]: running dbt with arguments {'static_parser': 'True', 'no_print': 'None', 'version_check': 'True', 'warn_error_options': 'WarnErrorOptionsV2(error=[], warn=[], silence=[])', 'target_path': 'None', 'printer_width': '80', 'write_json': 'True', 'empty': 'None', 'log_cache_events': 'False', 'introspect': 'True', 'cache_selected_only': 'False', 'fail_fast': 'False', 'debug': 'False', 'log_format': 'default', 'partial_parse': 'True', 'send_anonymous_usage_stats': 'True', 'quiet': 'False', 'warn_error': 'None', 'profiles_dir': 'C:\\Users\\navasant\\.dbt', 'invocation_command': 'dbt init --skip-profile-setup airbnb', 'use_colors': 'True', 'indirect_selection': 'eager', 'use_experimental_parser': 'False', 'log_path': 'logs'}
[0m10:32:44.386107 [info ] [MainThread]: Creating dbt configuration folder at C:\Users\navasant\.dbt
[0m10:32:44.405590 [debug] [MainThread]: Starter project path: C:\Users\navasant\OneDrive - Capgemini\30091187\Learning\DBT\dbt\git\dbt-student-repo\.venv\Lib\site-packages\dbt\include\starter_project
[0m10:32:44.456290 [info ] [MainThread]: 
Your new dbt project "airbnb" was created!

For more information on how to configure the profiles.yml file,
please consult the dbt documentation here:

  https://docs.getdbt.com/docs/configure-your-profile

One more thing:

Need help? Don't hesitate to reach out to us via GitHub issues or on Slack:

  https://community.getdbt.com/

Happy modeling!

[0m10:32:44.458670 [debug] [MainThread]: Command `dbt init` succeeded at 10:32:44.458670 after 0.51 seconds
[0m10:32:44.459674 [debug] [MainThread]: Sending event: {'category': 'dbt', 'action': 'invocation', 'label': 'end', 'context': [<snowplow_tracker.self_describing_json.SelfDescribingJson object at 0x000001F82A1DFFD0>, <snowplow_tracker.self_describing_json.SelfDescribingJson object at 0x000001F8235EB050>, <snowplow_tracker.self_describing_json.SelfDescribingJson object at 0x000001F82A053F10>]}
[0m10:32:44.459674 [debug] [MainThread]: Flushing usage events
[0m10:32:46.119238 [debug] [MainThread]: An error was encountered while trying to flush usage events
[0m18:55:30.779977 [debug] [MainThread]: Sending event: {'category': 'dbt', 'action': 'invocation', 'label': 'start', 'context': [<snowplow_tracker.self_describing_json.SelfDescribingJson object at 0x00000294A7D33A90>, <snowplow_tracker.self_describing_json.SelfDescribingJson object at 0x00000294A7AC3A50>, <snowplow_tracker.self_describing_json.SelfDescribingJson object at 0x00000294A8D7EC90>]}


============================== 18:55:30.789189 | 1daa7320-000c-4135-948b-40c6762bed9e ==============================
[0m18:55:30.789189 [info ] [MainThread]: Running with dbt=1.11.7
[0m18:55:30.789189 [debug] [MainThread]: running dbt with arguments {'static_parser': 'True', 'no_print': 'None', 'version_check': 'True', 'target_path': 'None', 'warn_error_options': 'WarnErrorOptionsV2(error=[], warn=[], silence=[])', 'printer_width': '80', 'write_json': 'True', 'introspect': 'True', 'log_cache_events': 'False', 'empty': 'None', 'cache_selected_only': 'False', 'fail_fast': 'False', 'debug': 'False', 'log_format': 'default', 'profiles_dir': 'C:\\Users\\navasant\\.dbt', 'send_anonymous_usage_stats': 'True', 'quiet': 'False', 'warn_error': 'None', 'partial_parse': 'True', 'use_colors': 'True', 'invocation_command': 'dbt source freshness', 'indirect_selection': 'eager', 'use_experimental_parser': 'False', 'log_path': 'logs'}
[0m18:55:30.793525 [error] [MainThread]: Encountered an error:
Runtime Error
  No dbt_project.yml found at expected path C:\Users\navasant\OneDrive - Capgemini\30091187\Learning\DBT\dbt\git\dbt-student-repo\dbt_project.yml
  Verify that each entry within packages.yml (and their transitive dependencies) contains a file named dbt_project.yml
  
[0m18:55:30.795247 [debug] [MainThread]: Command `dbt source freshness` failed at 18:55:30.795247 after 0.27 seconds
[0m18:55:30.797257 [debug] [MainThread]: Sending event: {'category': 'dbt', 'action': 'invocation', 'label': 'end', 'context': [<snowplow_tracker.self_describing_json.SelfDescribingJson object at 0x00000294A7D33E90>, <snowplow_tracker.self_describing_json.SelfDescribingJson object at 0x00000294A7D33FD0>, <snowplow_tracker.self_describing_json.SelfDescribingJson object at 0x00000294A7D33BD0>]}
[0m18:55:30.797257 [debug] [MainThread]: Flushing usage events
[0m18:55:32.523860 [debug] [MainThread]: An error was encountered while trying to flush usage events
